mode: set
github.com/lmzuccarelli/golang-imageindex-list/pkg/log/logger.go:26.49,28.2 1 1
github.com/lmzuccarelli/golang-imageindex-list/pkg/log/logger.go:31.65,33.2 1 1
github.com/lmzuccarelli/golang-imageindex-list/pkg/log/logger.go:36.64,38.2 1 1
github.com/lmzuccarelli/golang-imageindex-list/pkg/log/logger.go:41.65,43.2 1 1
github.com/lmzuccarelli/golang-imageindex-list/pkg/log/logger.go:46.65,48.2 1 1
github.com/lmzuccarelli/golang-imageindex-list/pkg/log/logger.go:51.64,53.2 1 1
github.com/lmzuccarelli/golang-imageindex-list/pkg/log/logger.go:56.47,58.2 1 0
github.com/lmzuccarelli/golang-imageindex-list/pkg/manifest/manifest.go:41.63,43.2 1 0
github.com/lmzuccarelli/golang-imageindex-list/pkg/manifest/manifest.go:46.75,49.16 3 1
github.com/lmzuccarelli/golang-imageindex-list/pkg/manifest/manifest.go:52.2,53.16 2 1
github.com/lmzuccarelli/golang-imageindex-list/pkg/manifest/manifest.go:56.2,56.17 1 1
github.com/lmzuccarelli/golang-imageindex-list/pkg/manifest/manifest.go:49.16,51.3 1 0
github.com/lmzuccarelli/golang-imageindex-list/pkg/manifest/manifest.go:53.16,55.3 1 0
github.com/lmzuccarelli/golang-imageindex-list/pkg/manifest/manifest.go:61.79,64.16 3 1
github.com/lmzuccarelli/golang-imageindex-list/pkg/manifest/manifest.go:67.2,68.16 2 1
github.com/lmzuccarelli/golang-imageindex-list/pkg/manifest/manifest.go:71.2,71.17 1 1
github.com/lmzuccarelli/golang-imageindex-list/pkg/manifest/manifest.go:64.16,66.3 1 0
github.com/lmzuccarelli/golang-imageindex-list/pkg/manifest/manifest.go:68.16,70.3 1 0
github.com/lmzuccarelli/golang-imageindex-list/pkg/manifest/manifest.go:75.91,78.16 3 1
github.com/lmzuccarelli/golang-imageindex-list/pkg/manifest/manifest.go:81.2,82.16 2 1
github.com/lmzuccarelli/golang-imageindex-list/pkg/manifest/manifest.go:85.2,85.17 1 1
github.com/lmzuccarelli/golang-imageindex-list/pkg/manifest/manifest.go:78.16,80.3 1 0
github.com/lmzuccarelli/golang-imageindex-list/pkg/manifest/manifest.go:82.16,84.3 1 0
github.com/lmzuccarelli/golang-imageindex-list/pkg/manifest/manifest.go:90.116,93.16 3 1
github.com/lmzuccarelli/golang-imageindex-list/pkg/manifest/manifest.go:96.2,96.29 1 1
github.com/lmzuccarelli/golang-imageindex-list/pkg/manifest/manifest.go:112.2,112.27 1 1
github.com/lmzuccarelli/golang-imageindex-list/pkg/manifest/manifest.go:93.16,95.3 1 0
github.com/lmzuccarelli/golang-imageindex-list/pkg/manifest/manifest.go:96.29,100.17 2 1
github.com/lmzuccarelli/golang-imageindex-list/pkg/manifest/manifest.go:103.3,104.17 2 1
github.com/lmzuccarelli/golang-imageindex-list/pkg/manifest/manifest.go:108.3,108.24 1 1
github.com/lmzuccarelli/golang-imageindex-list/pkg/manifest/manifest.go:100.17,102.4 1 0
github.com/lmzuccarelli/golang-imageindex-list/pkg/manifest/manifest.go:104.17,106.4 1 0
github.com/lmzuccarelli/golang-imageindex-list/pkg/manifest/manifest.go:108.24,110.4 1 1
github.com/lmzuccarelli/golang-imageindex-list/pkg/manifest/manifest.go:116.181,118.34 2 1
github.com/lmzuccarelli/golang-imageindex-list/pkg/manifest/manifest.go:136.2,136.27 1 1
github.com/lmzuccarelli/golang-imageindex-list/pkg/manifest/manifest.go:118.34,122.17 2 1
github.com/lmzuccarelli/golang-imageindex-list/pkg/manifest/manifest.go:126.3,127.17 2 1
github.com/lmzuccarelli/golang-imageindex-list/pkg/manifest/manifest.go:131.3,131.24 1 1
github.com/lmzuccarelli/golang-imageindex-list/pkg/manifest/manifest.go:134.3,134.50 1 1
github.com/lmzuccarelli/golang-imageindex-list/pkg/manifest/manifest.go:122.17,124.4 1 0
github.com/lmzuccarelli/golang-imageindex-list/pkg/manifest/manifest.go:127.17,129.4 1 0
github.com/lmzuccarelli/golang-imageindex-list/pkg/manifest/manifest.go:131.24,133.4 1 1
github.com/lmzuccarelli/golang-imageindex-list/pkg/manifest/manifest.go:140.100,143.71 1 1
github.com/lmzuccarelli/golang-imageindex-list/pkg/manifest/manifest.go:160.2,160.12 1 1
github.com/lmzuccarelli/golang-imageindex-list/pkg/manifest/manifest.go:143.71,144.35 1 1
github.com/lmzuccarelli/golang-imageindex-list/pkg/manifest/manifest.go:144.35,145.48 1 1
github.com/lmzuccarelli/golang-imageindex-list/pkg/manifest/manifest.go:148.4,149.18 2 1
github.com/lmzuccarelli/golang-imageindex-list/pkg/manifest/manifest.go:152.4,153.18 2 1
github.com/lmzuccarelli/golang-imageindex-list/pkg/manifest/manifest.go:145.48,147.5 1 0
github.com/lmzuccarelli/golang-imageindex-list/pkg/manifest/manifest.go:149.18,151.5 1 0
github.com/lmzuccarelli/golang-imageindex-list/pkg/manifest/manifest.go:153.18,155.5 1 0
github.com/lmzuccarelli/golang-imageindex-list/pkg/manifest/manifest.go:157.8,159.3 1 0
github.com/lmzuccarelli/golang-imageindex-list/pkg/manifest/manifest.go:164.87,169.16 4 1
github.com/lmzuccarelli/golang-imageindex-list/pkg/manifest/manifest.go:173.2,174.41 2 1
github.com/lmzuccarelli/golang-imageindex-list/pkg/manifest/manifest.go:177.2,177.23 1 1
github.com/lmzuccarelli/golang-imageindex-list/pkg/manifest/manifest.go:169.16,171.3 1 0
github.com/lmzuccarelli/golang-imageindex-list/pkg/manifest/manifest.go:174.41,176.3 1 1
github.com/lmzuccarelli/golang-imageindex-list/pkg/manifest/manifest.go:181.74,185.16 2 1
github.com/lmzuccarelli/golang-imageindex-list/pkg/manifest/manifest.go:189.2,189.26 1 1
github.com/lmzuccarelli/golang-imageindex-list/pkg/manifest/manifest.go:212.2,212.12 1 1
github.com/lmzuccarelli/golang-imageindex-list/pkg/manifest/manifest.go:185.16,187.3 1 0
github.com/lmzuccarelli/golang-imageindex-list/pkg/manifest/manifest.go:189.26,190.10 1 1
github.com/lmzuccarelli/golang-imageindex-list/pkg/manifest/manifest.go:191.36,193.34 2 1
github.com/lmzuccarelli/golang-imageindex-list/pkg/manifest/manifest.go:207.35,208.59 1 1
github.com/lmzuccarelli/golang-imageindex-list/pkg/manifest/manifest.go:193.34,195.28 2 1
github.com/lmzuccarelli/golang-imageindex-list/pkg/manifest/manifest.go:198.5,198.25 1 1
github.com/lmzuccarelli/golang-imageindex-list/pkg/manifest/manifest.go:203.5,203.29 1 1
github.com/lmzuccarelli/golang-imageindex-list/pkg/manifest/manifest.go:195.28,197.6 1 1
github.com/lmzuccarelli/golang-imageindex-list/pkg/manifest/manifest.go:198.25,199.32 1 1
github.com/lmzuccarelli/golang-imageindex-list/pkg/manifest/manifest.go:199.32,201.7 1 1
github.com/lmzuccarelli/golang-imageindex-list/pkg/manifest/manifest.go:203.29,205.6 1 1
github.com/lmzuccarelli/golang-imageindex-list/pkg/manifest/manifest.go:218.72,223.16 4 1
github.com/lmzuccarelli/golang-imageindex-list/pkg/manifest/manifest.go:227.2,228.6 2 1
github.com/lmzuccarelli/golang-imageindex-list/pkg/manifest/manifest.go:263.2,263.12 1 1
github.com/lmzuccarelli/golang-imageindex-list/pkg/manifest/manifest.go:223.16,225.3 1 0
github.com/lmzuccarelli/golang-imageindex-list/pkg/manifest/manifest.go:228.6,231.20 2 1
github.com/lmzuccarelli/golang-imageindex-list/pkg/manifest/manifest.go:235.3,235.17 1 1
github.com/lmzuccarelli/golang-imageindex-list/pkg/manifest/manifest.go:239.3,239.48 1 1
github.com/lmzuccarelli/golang-imageindex-list/pkg/manifest/manifest.go:231.20,232.9 1 1
github.com/lmzuccarelli/golang-imageindex-list/pkg/manifest/manifest.go:235.17,237.4 1 0
github.com/lmzuccarelli/golang-imageindex-list/pkg/manifest/manifest.go:239.48,240.27 1 1
github.com/lmzuccarelli/golang-imageindex-list/pkg/manifest/manifest.go:241.21,242.28 1 1
github.com/lmzuccarelli/golang-imageindex-list/pkg/manifest/manifest.go:247.21,249.19 2 1
github.com/lmzuccarelli/golang-imageindex-list/pkg/manifest/manifest.go:252.5,252.58 1 1
github.com/lmzuccarelli/golang-imageindex-list/pkg/manifest/manifest.go:255.5,255.20 1 1
github.com/lmzuccarelli/golang-imageindex-list/pkg/manifest/manifest.go:257.12,259.90 1 0
github.com/lmzuccarelli/golang-imageindex-list/pkg/manifest/manifest.go:242.28,243.68 1 1
github.com/lmzuccarelli/golang-imageindex-list/pkg/manifest/manifest.go:243.68,245.7 1 0
github.com/lmzuccarelli/golang-imageindex-list/pkg/manifest/manifest.go:249.19,251.6 1 0
github.com/lmzuccarelli/golang-imageindex-list/pkg/manifest/manifest.go:252.58,254.6 1 0
github.com/lmzuccarelli/golang-imageindex-list/pkg/manifest/manifest.go:268.77,274.16 3 1
github.com/lmzuccarelli/golang-imageindex-list/pkg/manifest/manifest.go:277.2,280.16 4 1
github.com/lmzuccarelli/golang-imageindex-list/pkg/manifest/manifest.go:283.2,283.17 1 1
github.com/lmzuccarelli/golang-imageindex-list/pkg/manifest/manifest.go:274.16,276.3 1 0
github.com/lmzuccarelli/golang-imageindex-list/pkg/manifest/manifest.go:280.16,282.3 1 0
github.com/lmzuccarelli/golang-imageindex-list/pkg/manifest/manifest.go:288.151,295.26 4 1
github.com/lmzuccarelli/golang-imageindex-list/pkg/manifest/manifest.go:318.2,318.27 1 1
github.com/lmzuccarelli/golang-imageindex-list/pkg/manifest/manifest.go:295.26,296.10 1 1
github.com/lmzuccarelli/golang-imageindex-list/pkg/manifest/manifest.go:297.36,298.34 1 1
github.com/lmzuccarelli/golang-imageindex-list/pkg/manifest/manifest.go:307.35,308.25 1 1
github.com/lmzuccarelli/golang-imageindex-list/pkg/manifest/manifest.go:313.36,315.39 2 1
github.com/lmzuccarelli/golang-imageindex-list/pkg/manifest/manifest.go:298.34,302.19 4 1
github.com/lmzuccarelli/golang-imageindex-list/pkg/manifest/manifest.go:305.5,305.25 1 1
github.com/lmzuccarelli/golang-imageindex-list/pkg/manifest/manifest.go:302.19,304.6 1 0
github.com/lmzuccarelli/golang-imageindex-list/pkg/manifest/manifest.go:308.25,312.5 3 1
github.com/lmzuccarelli/golang-imageindex-list/pkg/manifest/manifest.go:323.168,328.26 3 1
github.com/lmzuccarelli/golang-imageindex-list/pkg/manifest/manifest.go:361.2,361.27 1 1
github.com/lmzuccarelli/golang-imageindex-list/pkg/manifest/manifest.go:328.26,329.10 1 1
github.com/lmzuccarelli/golang-imageindex-list/pkg/manifest/manifest.go:330.36,331.28 1 1
github.com/lmzuccarelli/golang-imageindex-list/pkg/manifest/manifest.go:350.35,351.25 1 1
github.com/lmzuccarelli/golang-imageindex-list/pkg/manifest/manifest.go:356.36,358.38 2 1
github.com/lmzuccarelli/golang-imageindex-list/pkg/manifest/manifest.go:331.28,332.32 1 1
github.com/lmzuccarelli/golang-imageindex-list/pkg/manifest/manifest.go:332.32,335.20 3 1
github.com/lmzuccarelli/golang-imageindex-list/pkg/manifest/manifest.go:338.6,338.29 1 1
github.com/lmzuccarelli/golang-imageindex-list/pkg/manifest/manifest.go:335.20,337.7 1 0
github.com/lmzuccarelli/golang-imageindex-list/pkg/manifest/manifest.go:338.29,340.7 1 1
github.com/lmzuccarelli/golang-imageindex-list/pkg/manifest/manifest.go:342.10,344.19 2 1
github.com/lmzuccarelli/golang-imageindex-list/pkg/manifest/manifest.go:347.5,348.25 2 1
github.com/lmzuccarelli/golang-imageindex-list/pkg/manifest/manifest.go:344.19,346.6 1 0
github.com/lmzuccarelli/golang-imageindex-list/pkg/manifest/manifest.go:351.25,355.5 3 1
github.com/lmzuccarelli/golang-imageindex-list/pkg/manifest/manifest.go:365.69,368.29 3 1
github.com/lmzuccarelli/golang-imageindex-list/pkg/manifest/manifest.go:387.2,387.33 1 1
github.com/lmzuccarelli/golang-imageindex-list/pkg/manifest/manifest.go:368.29,371.19 2 1
github.com/lmzuccarelli/golang-imageindex-list/pkg/manifest/manifest.go:374.3,378.17 5 1
github.com/lmzuccarelli/golang-imageindex-list/pkg/manifest/manifest.go:382.3,382.32 1 1
github.com/lmzuccarelli/golang-imageindex-list/pkg/manifest/manifest.go:371.19,373.4 1 0
github.com/lmzuccarelli/golang-imageindex-list/pkg/manifest/manifest.go:378.17,380.4 1 0
github.com/lmzuccarelli/golang-imageindex-list/pkg/manifest/manifest.go:382.32,385.4 2 1
github.com/lmzuccarelli/golang-imageindex-list/pkg/manifest/manifest.go:391.90,399.18 5 1
github.com/lmzuccarelli/golang-imageindex-list/pkg/manifest/manifest.go:407.2,407.18 1 1
github.com/lmzuccarelli/golang-imageindex-list/pkg/manifest/manifest.go:416.2,416.28 1 1
github.com/lmzuccarelli/golang-imageindex-list/pkg/manifest/manifest.go:433.2,433.21 1 1
github.com/lmzuccarelli/golang-imageindex-list/pkg/manifest/manifest.go:399.18,401.17 2 1
github.com/lmzuccarelli/golang-imageindex-list/pkg/manifest/manifest.go:401.17,403.4 1 0
github.com/lmzuccarelli/golang-imageindex-list/pkg/manifest/manifest.go:404.8,406.3 1 0
github.com/lmzuccarelli/golang-imageindex-list/pkg/manifest/manifest.go:407.18,409.17 2 1
github.com/lmzuccarelli/golang-imageindex-list/pkg/manifest/manifest.go:409.17,411.4 1 0
github.com/lmzuccarelli/golang-imageindex-list/pkg/manifest/manifest.go:412.8,414.3 1 0
github.com/lmzuccarelli/golang-imageindex-list/pkg/manifest/manifest.go:416.28,419.19 2 1
github.com/lmzuccarelli/golang-imageindex-list/pkg/manifest/manifest.go:422.3,426.17 5 1
github.com/lmzuccarelli/golang-imageindex-list/pkg/manifest/manifest.go:429.3,429.75 1 1
github.com/lmzuccarelli/golang-imageindex-list/pkg/manifest/manifest.go:419.19,421.4 1 0
github.com/lmzuccarelli/golang-imageindex-list/pkg/manifest/manifest.go:426.17,428.4 1 0
github.com/lmzuccarelli/golang-imageindex-list/pkg/manifest/manifest.go:429.75,431.4 1 1
github.com/lmzuccarelli/golang-imageindex-list/pkg/mirror/mirror.go:40.50,42.2 1 1
github.com/lmzuccarelli/golang-imageindex-list/pkg/mirror/mirror.go:44.42,46.2 1 0
github.com/lmzuccarelli/golang-imageindex-list/pkg/mirror/mirror.go:49.122,51.2 1 1
github.com/lmzuccarelli/golang-imageindex-list/pkg/mirror/mirror.go:53.154,55.2 1 0
github.com/lmzuccarelli/golang-imageindex-list/pkg/mirror/mirror.go:58.114,64.75 3 1
github.com/lmzuccarelli/golang-imageindex-list/pkg/mirror/mirror.go:68.2,69.16 2 1
github.com/lmzuccarelli/golang-imageindex-list/pkg/mirror/mirror.go:72.2,72.15 1 1
github.com/lmzuccarelli/golang-imageindex-list/pkg/mirror/mirror.go:78.2,79.16 2 1
github.com/lmzuccarelli/golang-imageindex-list/pkg/mirror/mirror.go:82.2,83.16 2 1
github.com/lmzuccarelli/golang-imageindex-list/pkg/mirror/mirror.go:87.2,88.16 2 1
github.com/lmzuccarelli/golang-imageindex-list/pkg/mirror/mirror.go:91.2,92.16 2 1
github.com/lmzuccarelli/golang-imageindex-list/pkg/mirror/mirror.go:96.2,97.26 2 1
github.com/lmzuccarelli/golang-imageindex-list/pkg/mirror/mirror.go:104.2,121.45 5 1
github.com/lmzuccarelli/golang-imageindex-list/pkg/mirror/mirror.go:64.75,66.3 1 0
github.com/lmzuccarelli/golang-imageindex-list/pkg/mirror/mirror.go:69.16,71.3 1 0
github.com/lmzuccarelli/golang-imageindex-list/pkg/mirror/mirror.go:72.15,73.49 1 1
github.com/lmzuccarelli/golang-imageindex-list/pkg/mirror/mirror.go:73.50,75.4 0 0
github.com/lmzuccarelli/golang-imageindex-list/pkg/mirror/mirror.go:79.16,81.3 1 0
github.com/lmzuccarelli/golang-imageindex-list/pkg/mirror/mirror.go:83.16,85.3 1 0
github.com/lmzuccarelli/golang-imageindex-list/pkg/mirror/mirror.go:88.16,90.3 1 0
github.com/lmzuccarelli/golang-imageindex-list/pkg/mirror/mirror.go:92.16,94.3 1 0
github.com/lmzuccarelli/golang-imageindex-list/pkg/mirror/mirror.go:97.26,99.17 2 1
github.com/lmzuccarelli/golang-imageindex-list/pkg/mirror/mirror.go:99.17,101.4 1 0
github.com/lmzuccarelli/golang-imageindex-list/pkg/mirror/mirror.go:121.45,124.17 2 1
github.com/lmzuccarelli/golang-imageindex-list/pkg/mirror/mirror.go:127.3,128.13 2 1
github.com/lmzuccarelli/golang-imageindex-list/pkg/mirror/mirror.go:124.17,126.4 1 0
github.com/lmzuccarelli/golang-imageindex-list/pkg/mirror/options.go:41.74,42.30 1 1
github.com/lmzuccarelli/golang-imageindex-list/pkg/mirror/options.go:42.30,44.3 1 0
github.com/lmzuccarelli/golang-imageindex-list/pkg/mirror/options.go:49.77,55.2 5 1
github.com/lmzuccarelli/golang-imageindex-list/pkg/mirror/options.go:64.62,69.2 4 1
github.com/lmzuccarelli/golang-imageindex-list/pkg/mirror/options.go:98.190,108.22 3 1
github.com/lmzuccarelli/golang-imageindex-list/pkg/mirror/options.go:112.2,115.28 4 1
github.com/lmzuccarelli/golang-imageindex-list/pkg/mirror/options.go:121.2,125.19 5 1
github.com/lmzuccarelli/golang-imageindex-list/pkg/mirror/options.go:108.22,111.3 1 1
github.com/lmzuccarelli/golang-imageindex-list/pkg/mirror/options.go:115.28,120.3 2 1
github.com/lmzuccarelli/golang-imageindex-list/pkg/mirror/options.go:129.184,137.2 6 1
github.com/lmzuccarelli/golang-imageindex-list/pkg/mirror/options.go:139.51,144.2 4 1
github.com/lmzuccarelli/golang-imageindex-list/pkg/mirror/options.go:147.81,150.25 3 1
github.com/lmzuccarelli/golang-imageindex-list/pkg/mirror/options.go:157.2,157.16 1 1
github.com/lmzuccarelli/golang-imageindex-list/pkg/mirror/options.go:160.2,160.43 1 1
github.com/lmzuccarelli/golang-imageindex-list/pkg/mirror/options.go:150.25,152.3 1 1
github.com/lmzuccarelli/golang-imageindex-list/pkg/mirror/options.go:152.8,152.34 1 0
github.com/lmzuccarelli/golang-imageindex-list/pkg/mirror/options.go:152.34,154.3 1 0
github.com/lmzuccarelli/golang-imageindex-list/pkg/mirror/options.go:154.8,156.3 1 0
github.com/lmzuccarelli/golang-imageindex-list/pkg/mirror/options.go:157.16,159.3 1 0
github.com/lmzuccarelli/golang-imageindex-list/pkg/mirror/options.go:165.90,167.41 2 1
github.com/lmzuccarelli/golang-imageindex-list/pkg/mirror/options.go:170.2,170.29 1 1
github.com/lmzuccarelli/golang-imageindex-list/pkg/mirror/options.go:173.2,173.20 1 1
github.com/lmzuccarelli/golang-imageindex-list/pkg/mirror/options.go:167.42,169.3 0 1
github.com/lmzuccarelli/golang-imageindex-list/pkg/mirror/options.go:170.29,172.3 1 0
github.com/lmzuccarelli/golang-imageindex-list/pkg/mirror/options.go:178.68,189.21 2 1
github.com/lmzuccarelli/golang-imageindex-list/pkg/mirror/options.go:192.2,192.12 1 1
github.com/lmzuccarelli/golang-imageindex-list/pkg/mirror/options.go:189.21,191.3 1 1
github.com/lmzuccarelli/golang-imageindex-list/pkg/mirror/options.go:197.76,208.2 7 1
github.com/lmzuccarelli/golang-imageindex-list/pkg/mirror/options.go:222.192,234.2 11 1
github.com/lmzuccarelli/golang-imageindex-list/pkg/mirror/options.go:238.65,239.24 1 1
github.com/lmzuccarelli/golang-imageindex-list/pkg/mirror/options.go:240.13,241.47 1 1
github.com/lmzuccarelli/golang-imageindex-list/pkg/mirror/options.go:242.14,243.54 1 0
github.com/lmzuccarelli/golang-imageindex-list/pkg/mirror/options.go:244.14,245.48 1 0
github.com/lmzuccarelli/golang-imageindex-list/pkg/mirror/options.go:246.10,247.124 1 0
github.com/lmzuccarelli/golang-imageindex-list/pkg/mirror/unshare_linux.go:42.61,44.39 1 1
github.com/lmzuccarelli/golang-imageindex-list/pkg/mirror/unshare_linux.go:53.2,53.12 1 1
github.com/lmzuccarelli/golang-imageindex-list/pkg/mirror/unshare_linux.go:44.39,52.3 2 1
github.com/lmzuccarelli/golang-imageindex-list/pkg/cli/executor.go:32.66,68.48 9 1
github.com/lmzuccarelli/golang-imageindex-list/pkg/cli/executor.go:84.2,92.12 8 1
github.com/lmzuccarelli/golang-imageindex-list/pkg/cli/executor.go:68.48,70.18 2 0
github.com/lmzuccarelli/golang-imageindex-list/pkg/cli/executor.go:74.4,77.18 3 0
github.com/lmzuccarelli/golang-imageindex-list/pkg/cli/executor.go:70.18,72.5 1 0
github.com/lmzuccarelli/golang-imageindex-list/pkg/cli/executor.go:77.18,80.5 2 0
github.com/lmzuccarelli/golang-imageindex-list/pkg/cli/executor.go:96.71,103.16 3 1
github.com/lmzuccarelli/golang-imageindex-list/pkg/cli/executor.go:109.2,110.16 2 1
github.com/lmzuccarelli/golang-imageindex-list/pkg/cli/executor.go:116.2,118.16 3 1
github.com/lmzuccarelli/golang-imageindex-list/pkg/cli/executor.go:124.2,126.16 3 1
github.com/lmzuccarelli/golang-imageindex-list/pkg/cli/executor.go:131.2,131.30 1 1
github.com/lmzuccarelli/golang-imageindex-list/pkg/cli/executor.go:103.16,106.3 2 0
github.com/lmzuccarelli/golang-imageindex-list/pkg/cli/executor.go:110.16,113.3 2 0
github.com/lmzuccarelli/golang-imageindex-list/pkg/cli/executor.go:118.16,121.3 2 0
github.com/lmzuccarelli/golang-imageindex-list/pkg/cli/executor.go:126.16,129.3 2 0
github.com/lmzuccarelli/golang-imageindex-list/pkg/cli/executor.go:135.50,147.2 7 1
github.com/lmzuccarelli/golang-imageindex-list/pkg/cli/executor.go:150.60,151.35 1 1
github.com/lmzuccarelli/golang-imageindex-list/pkg/cli/executor.go:154.2,154.21 1 1
github.com/lmzuccarelli/golang-imageindex-list/pkg/cli/executor.go:166.2,167.12 2 0
github.com/lmzuccarelli/golang-imageindex-list/pkg/cli/executor.go:151.35,153.3 1 0
github.com/lmzuccarelli/golang-imageindex-list/pkg/cli/executor.go:155.18,156.61 1 0
github.com/lmzuccarelli/golang-imageindex-list/pkg/cli/executor.go:159.17,160.60 1 0
github.com/lmzuccarelli/golang-imageindex-list/pkg/cli/executor.go:163.10,164.77 1 1
github.com/lmzuccarelli/golang-imageindex-list/pkg/cli/executor.go:156.61,158.4 1 0
github.com/lmzuccarelli/golang-imageindex-list/pkg/cli/executor.go:160.60,162.4 1 0
